build.rs
Cargo.lock
Cargo.toml
CHANGELOG.md
cliff.toml
CODE_OF_CONDUCT.md
completions
CONTRIBUTING.md
deb.asc
deny.toml
devtools
dump
flake.lock
flake.nix
Justfile
LICENCE
man
README.md
rust-toolchain.toml
screenshots.png
SECURITY.md
snap
src
target
tests
treefmt.nix
Vagrantfile
xtests
