1 a
1 b
1 c
1 d
1 e
3 exa
1 f
1 g
1 h
1 i
1 image.jpg.img.c.rs.log.png
1 index.svg
1 j
1 k
1 l
1 m
1 n
1 o
1 p
1 q
5 vagrant

tests/itest/exa:
1 file.c -> djihisudjuhfius
2 sssssssssssssssssssssssssggggggggggggggggggggggggggggggggggggggggggggggggggggggggggggggggggggggggsssssssssssssssssssssssssssssssssssssssssssssssssssssssssssssssssss

tests/itest/exa/sssssssssssssssssssssssssggggggggggggggggggggggggggggggggggggggggggggggggggggggggggggggggggggggggsssssssssssssssssssssssssssssssssssssssssssssssssssssssssssssssssss:
1 Makefile

tests/itest/vagrant:
2 debug
2 dev
3 log

tests/itest/vagrant/debug:
1 symlinking -> a

tests/itest/vagrant/dev:
1 main.bf

tests/itest/vagrant/log:
1 file.png
2 run

tests/itest/vagrant/log/run:
1 run.log.text
1 sps.log.text
