395722 .rw-r--r-- a
395723 .rw-r--r-- b
395724 .rw-r--r-- c
395725 .rw-r--r-- d
395726 .rw-r--r-- e
655508 drwxr-xr-x exa
395727 .rw-r--r-- f
395728 .rw-r--r-- g
395729 .rw-r--r-- h
395730 .rw-r--r-- i
395760 .rw-r--r-- image.jpg.img.c.rs.log.png
395761 .rw-r--r-- index.svg
395731 .rw-r--r-- j
395732 .rw-r--r-- k
395733 .rw-r--r-- l
395734 .rw-r--r-- m
395735 .rw-r--r-- n
395736 .rw-r--r-- o
395737 .rw-r--r-- p
395738 .rw-r--r-- q
656744 drwxr-xr-x vagrant
