.rw-r--r-- 0 nixbld 12 Sep 10:34 a
.rw-r--r-- 0 nixbld 12 Sep 10:34 b
.rw-r--r-- 0 nixbld 12 Sep 10:34 c
.rw-r--r-- 0 nixbld 12 Sep 10:34 d
.rw-r--r-- 0 nixbld 12 Sep 10:34 e
.rw-r--r-- 0 nixbld 12 Sep 10:34 f
.rw-r--r-- 0 nixbld 12 Sep 10:34 g
.rw-r--r-- 0 nixbld 12 Sep 10:34 h
.rw-r--r-- 0 nixbld 12 Sep 10:34 i
.rw-r--r-- 0 nixbld 12 Sep 10:34 j
.rw-r--r-- 0 nixbld 12 Sep 10:34 k
.rw-r--r-- 0 nixbld 12 Sep 10:34 l
.rw-r--r-- 0 nixbld 12 Sep 10:34 m
.rw-r--r-- 0 nixbld 12 Sep 10:34 n
.rw-r--r-- 0 nixbld 12 Sep 10:34 o
.rw-r--r-- 0 nixbld 12 Sep 10:34 p
.rw-r--r-- 0 nixbld 12 Sep 10:34 q
