Permissions Size Name
.rw-r--r--     0 a
.rw-r--r--     0 b
.rw-r--r--     0 c
.rw-r--r--     0 d
.rw-r--r--     0 e
drwxr-xr-x     - exa
.rw-r--r--     0 f
.rw-r--r--     0 g
.rw-r--r--     0 h
.rw-r--r--     0 i
.rw-r--r--     0 image.jpg.img.c.rs.log.png
.rw-r--r--    19 index.svg
.rw-r--r--     0 j
.rw-r--r--     0 k
.rw-r--r--     0 l
.rw-r--r--     0 m
.rw-r--r--     0 n
.rw-r--r--     0 o
.rw-r--r--     0 p
.rw-r--r--     0 q
drwxr-xr-x     - vagrant
