.rw-r--r-- a
.rw-r--r-- b
.rw-r--r-- c
.rw-r--r-- d
.rw-r--r-- e
drwxr-xr-x exa
.rw-r--r-- f
.rw-r--r-- g
.rw-r--r-- h
.rw-r--r-- i
.rw-r--r-- image.jpg.img.c.rs.log.png
.rw-r--r-- index.svg
.rw-r--r-- j
.rw-r--r-- k
.rw-r--r-- l
.rw-r--r-- m
.rw-r--r-- n
.rw-r--r-- o
.rw-r--r-- p
.rw-r--r-- q
drwxr-xr-x vagrant

tests/itest/exa:
lrwxrwxrwx file.c -> djihisudjuhfius
drwxr-xr-x sssssssssssssssssssssssssggggggggggggggggggggggggggggggggggggggggggggggggggggggggggggggggggggggggsssssssssssssssssssssssssssssssssssssssssssssssssssssssssssssssssss

tests/itest/exa/sssssssssssssssssssssssssggggggggggggggggggggggggggggggggggggggggggggggggggggggggggggggggggggggggsssssssssssssssssssssssssssssssssssssssssssssssssssssssssssssssssss:
.rw-r--r-- Makefile

tests/itest/vagrant:
drwxr-xr-x debug
drwxr-xr-x dev
drwxr-xr-x log

tests/itest/vagrant/debug:
lrwxrwxrwx symlinking -> a

tests/itest/vagrant/dev:
.rw-r--r-- main.bf

tests/itest/vagrant/log:
.rw-r--r-- file.png
drwxr-xr-x run

tests/itest/vagrant/log/run:
.rw-r--r-- run.log.text
.rw-r--r-- sps.log.text
